../Core/Src/global.c:56:6:Semaphore_init	8	static
../Core/Src/global.c:61:6:TaskIMU_init	16	static
../Core/Src/global.c:66:6:TaskIMU_run	16	static
../Core/Src/global.c:103:6:TaskGPS_run	24	static
../Core/Src/global.c:162:6:TaskLCD_init	8	static
../Core/Src/global.c:165:6:TaskLCD_run	8	static
../Core/Src/global.c:169:6:TaskBattery_init	16	static
../Core/Src/global.c:185:6:TaskBattery_run	8	static
../Core/Src/global.c:189:6:TaskLoRa_init	72	static
../Core/Src/global.c:218:6:TaskLoRa_run	40	static
../Core/Src/global.c:266:6:TaskButton_init	8	static
../Core/Src/global.c:270:6:TaskButton_run	8	static
../Core/Src/global.c:275:6:TaskDebug_init	8	static
../Core/Src/global.c:280:6:TaskDebug_run	8	static
