../Core/Src/global.c:56:6:Semaphore_init	8	static
../Core/Src/global.c:61:6:TaskIMU_init	16	static
../Core/Src/global.c:66:6:TaskIMU_run	16	static
../Core/Src/global.c:100:6:TaskGPS_init	8	static
../Core/Src/global.c:106:6:TaskGPS_run	48	static
../Core/Src/global.c:165:6:TaskLCD_init	8	static
../Core/Src/global.c:168:6:TaskLCD_run	8	static
../Core/Src/global.c:172:6:TaskBattery_init	16	static
../Core/Src/global.c:188:6:TaskBattery_run	8	static
../Core/Src/global.c:192:6:TaskLoRa_init	72	static
../Core/Src/global.c:221:6:TaskLoRa_run	40	static
../Core/Src/global.c:269:6:TaskButton_init	8	static
../Core/Src/global.c:273:6:TaskButton_run	8	static
../Core/Src/global.c:278:6:TaskDebug_init	8	static
../Core/Src/global.c:283:6:TaskDebug_run	4	static
