../Core/Src/gps.c:16:16:GPS_CaculateChecksum	24	static
../Core/Src/gps.c:34:9:GPS_SendCommand	288	static
../Core/Src/gps.c:61:9:GPS_Init	8	static
../Core/Src/gps.c:89:14:parseRMC	280	static
../Core/Src/gps.c:141:14:parseGGA	248	static
../Core/Src/gps.c:178:9:GPS_Data_Update	168	static
../Core/Src/gps.c:211:9:GPS_RMC_Get	16	static
../Core/Src/gps.c:216:10:GPS_GGA_Get	24	static
../Core/Src/gps.c:221:9:GPS_Coordinates_Get	16	static
../Core/Src/gps.c:228:9:GPS_Status_Get	8	static
../Core/Src/gps.c:233:8:GPS_HDOP_Get	4	static
../Core/Src/gps.c:241:21:deg2rad	16	static
../Core/Src/gps.c:242:21:rad2deg	16	static
../Core/Src/gps.c:246:6:wgs84_to_ecef	64	static
../Core/Src/gps.c:265:6:ecef_to_wgs84	80	static
../Core/Src/gps.c:292:6:enu_rotation_matrix	48	static
../Core/Src/gps.c:316:6:wgs84_to_enu	120	static
../Core/Src/gps.c:337:6:enu_to_wgs84	152	static
