../Core/Src/LoRa.c:23:6:LoRa_create	72	static
../Core/Src/LoRa.c:62:6:LoRa_reset	16	static
../Core/Src/LoRa.c:78:9:LoRa_isvalid	16	static
../Core/Src/LoRa.c:95:9:LoRa_read	24	static
../Core/Src/LoRa.c:128:6:LoRa_write	24	static
../Core/Src/LoRa.c:160:6:LoRa_burstWrite	32	static
../Core/Src/LoRa.c:183:6:LoRa_gotoMode	24	static
../Core/Src/LoRa.c:236:6:LoRa_setLowDaraRateOptimization	24	static
../Core/Src/LoRa.c:266:6:LoRa_setAutoLDO	96	static
../Core/Src/LoRa.c:282:6:LoRa_setFrequency	24	static
../Core/Src/LoRa.c:317:6:LoRa_setSpreadingFactor	24	static
../Core/Src/LoRa.c:347:6:LoRa_setPower	16	static
../Core/Src/LoRa.c:363:6:LoRa_setOCP	24	static
../Core/Src/LoRa.c:391:6:LoRa_setTOMsb_setCRCon	24	static
../Core/Src/LoRa.c:414:6:LoRa_setSyncWord	16	static
../Core/Src/LoRa.c:434:9:LoRa_transmit	40	static
../Core/Src/LoRa.c:497:6:LoRa_startReceiving	16	static
../Core/Src/LoRa.c:513:9:LoRa_receive	48	static
../Core/Src/LoRa.c:546:5:LoRa_getRSSI	24	static
../Core/Src/LoRa.c:562:10:LoRa_init	24	static
