../Core/Src/LoRa.c:23:6:LoRa_create	72	static
../Core/Src/LoRa.c:62:6:LoRa_reset	16	static
../Core/Src/LoRa.c:80:9:LoRa_isvalid	16	static
../Core/Src/LoRa.c:97:9:LoRa_read	24	static
../Core/Src/LoRa.c:130:6:LoRa_write	24	static
../Core/Src/LoRa.c:162:6:LoRa_burstWrite	32	static
../Core/Src/LoRa.c:185:6:LoRa_gotoMode	24	static
../Core/Src/LoRa.c:238:6:LoRa_setLowDaraRateOptimization	24	static
../Core/Src/LoRa.c:268:6:LoRa_setAutoLDO	96	static
../Core/Src/LoRa.c:284:6:LoRa_setFrequency	24	static
../Core/Src/LoRa.c:319:6:LoRa_setSpreadingFactor	24	static
../Core/Src/LoRa.c:349:6:LoRa_setPower	16	static
../Core/Src/LoRa.c:365:6:LoRa_setOCP	24	static
../Core/Src/LoRa.c:393:6:LoRa_setTOMsb_setCRCon	24	static
../Core/Src/LoRa.c:416:6:LoRa_setSyncWord	16	static
../Core/Src/LoRa.c:436:9:LoRa_transmit	40	static
../Core/Src/LoRa.c:500:6:LoRa_startReceiving	16	static
../Core/Src/LoRa.c:516:9:LoRa_receive	48	static
../Core/Src/LoRa.c:549:5:LoRa_getRSSI	24	static
../Core/Src/LoRa.c:565:10:LoRa_init	24	static
