../Core/Src/main.c:109:5:main	224	static
../Core/Src/main.c:231:6:SystemClock_Config	88	static
../Core/Src/main.c:277:13:MX_ADC1_Init	24	static
../Core/Src/main.c:329:13:MX_I2C2_Init	8	static
../Core/Src/main.c:363:13:MX_I2C3_Init	8	static
../Core/Src/main.c:397:13:MX_SPI1_Init	8	static
../Core/Src/main.c:435:13:MX_SPI2_Init	8	static
../Core/Src/main.c:473:13:MX_SPI3_Init	8	static
../Core/Src/main.c:511:13:MX_USART1_UART_Init	8	static
../Core/Src/main.c:544:13:MX_USART2_UART_Init	8	static
../Core/Src/main.c:575:13:MX_DMA_Init	16	static
../Core/Src/main.c:609:13:MX_GPIO_Init	48	static
../Core/Src/main.c:661:6:HAL_UARTEx_RxEventCallback	16	static
../Core/Src/main.c:672:6:HAL_I2C_MemRxCpltCallback	24	static,ignoring_inline_asm
../Core/Src/main.c:684:6:HAL_ADC_ConvCpltCallback	16	static
../Core/Src/main.c:688:6:HAL_SPI_TxCpltCallback	24	static,ignoring_inline_asm
../Core/Src/main.c:716:6:StartTaskIMU	16	static
../Core/Src/main.c:737:6:StartTaskGPS	16	static
../Core/Src/main.c:757:6:StartTaskLCD	16	static
../Core/Src/main.c:778:6:StartTaskBattery	16	static
../Core/Src/main.c:799:6:StartLoRaTask	16	static
../Core/Src/main.c:823:6:StartTaskButton	16	static
../Core/Src/main.c:844:6:StartTaskDebug	16	static
../Core/Src/main.c:865:6:HAL_TIM_PeriodElapsedCallback	16	static
../Core/Src/main.c:887:6:Error_Handler	4	static,ignoring_inline_asm
