../Core/Src/main.c:109:5:main	112	static
../Core/Src/main.c:225:6:SystemClock_Config	88	static
../Core/Src/main.c:271:13:MX_ADC1_Init	24	static
../Core/Src/main.c:323:13:MX_I2C2_Init	8	static
../Core/Src/main.c:357:13:MX_I2C3_Init	8	static
../Core/Src/main.c:391:13:MX_SPI1_Init	8	static
../Core/Src/main.c:429:13:MX_SPI2_Init	8	static
../Core/Src/main.c:467:13:MX_SPI3_Init	8	static
../Core/Src/main.c:505:13:MX_USART1_UART_Init	8	static
../Core/Src/main.c:538:13:MX_USART2_UART_Init	8	static
../Core/Src/main.c:569:13:MX_DMA_Init	16	static
../Core/Src/main.c:602:13:MX_GPIO_Init	48	static
../Core/Src/main.c:736:6:HAL_ADC_ConvCpltCallback	16	static
../Core/Src/main.c:741:6:HAL_SPI_TxCpltCallback	24	static,ignoring_inline_asm
../Core/Src/main.c:769:6:StartTaskIMU	16	static
../Core/Src/main.c:847:6:StartTaskGPS	16	static
../Core/Src/main.c:920:6:StartTaskLCD	16	static
../Core/Src/main.c:941:6:StartTaskBattery	16	static
../Core/Src/main.c:960:6:StartLoRaTask	16	static
../Core/Src/main.c:980:6:StartTaskButton	16	static
../Core/Src/main.c:999:6:StartTaskDebug	16	static
../Core/Src/main.c:1020:6:HAL_TIM_PeriodElapsedCallback	16	static
../Core/Src/main.c:1042:6:Error_Handler	4	static,ignoring_inline_asm
