../Core/Src/main.c:109:5:main	80	static
../Core/Src/main.c:230:6:SystemClock_Config	88	static
../Core/Src/main.c:276:13:MX_ADC1_Init	24	static
../Core/Src/main.c:328:13:MX_I2C2_Init	8	static
../Core/Src/main.c:362:13:MX_I2C3_Init	8	static
../Core/Src/main.c:396:13:MX_SPI1_Init	8	static
../Core/Src/main.c:434:13:MX_SPI2_Init	8	static
../Core/Src/main.c:472:13:MX_SPI3_Init	8	static
../Core/Src/main.c:510:13:MX_USART1_UART_Init	8	static
../Core/Src/main.c:543:13:MX_USART2_UART_Init	8	static
../Core/Src/main.c:574:13:MX_DMA_Init	16	static
../Core/Src/main.c:607:13:MX_GPIO_Init	48	static
../Core/Src/main.c:741:6:HAL_ADC_ConvCpltCallback	16	static
../Core/Src/main.c:746:6:HAL_SPI_TxCpltCallback	24	static,ignoring_inline_asm
../Core/Src/main.c:774:6:StartTaskIMU	16	static
../Core/Src/main.c:852:6:StartTaskGPS	16	static
../Core/Src/main.c:925:6:StartTaskLCD	16	static
../Core/Src/main.c:946:6:StartTaskBattery	16	static
../Core/Src/main.c:965:6:StartLoRaTask	16	static
../Core/Src/main.c:983:6:StartTaskButton	16	static
../Core/Src/main.c:1001:6:StartTaskDebug	16	static
../Core/Src/main.c:1020:6:HAL_TIM_PeriodElapsedCallback	16	static
../Core/Src/main.c:1042:6:Error_Handler	4	static,ignoring_inline_asm
