../Core/Src/main.c:108:5:main	224	static
../Core/Src/main.c:224:6:SystemClock_Config	88	static
../Core/Src/main.c:270:13:MX_ADC1_Init	24	static
../Core/Src/main.c:322:13:MX_I2C3_Init	8	static
../Core/Src/main.c:356:13:MX_SPI1_Init	8	static
../Core/Src/main.c:394:13:MX_SPI2_Init	8	static
../Core/Src/main.c:432:13:MX_SPI3_Init	8	static
../Core/Src/main.c:470:13:MX_USART1_UART_Init	8	static
../Core/Src/main.c:503:13:MX_USART2_UART_Init	8	static
../Core/Src/main.c:536:13:MX_USART6_UART_Init	8	static
../Core/Src/main.c:567:13:MX_DMA_Init	16	static
../Core/Src/main.c:598:13:MX_GPIO_Init	48	static
../Core/Src/main.c:656:6:HAL_UARTEx_RxEventCallback	16	static
../Core/Src/main.c:667:6:HAL_I2C_MemRxCpltCallback	24	static,ignoring_inline_asm
../Core/Src/main.c:680:6:HAL_ADC_ConvCpltCallback	16	static
../Core/Src/main.c:685:6:HAL_SPI_TxCpltCallback	24	static,ignoring_inline_asm
../Core/Src/main.c:713:6:StartTaskIMU	16	static
../Core/Src/main.c:734:6:StartTaskGPS	16	static
../Core/Src/main.c:758:6:StartTaskLCD	16	static
../Core/Src/main.c:779:6:StartTaskBattery	16	static
../Core/Src/main.c:800:6:StartLoRaTask	16	static
../Core/Src/main.c:821:6:StartTaskButton	16	static
../Core/Src/main.c:841:6:StartTaskDebug	16	static
../Core/Src/main.c:864:6:HAL_TIM_PeriodElapsedCallback	16	static
../Core/Src/main.c:886:6:Error_Handler	4	static,ignoring_inline_asm
