../Core/Src/main.c:115:5:main	112	static
../Core/Src/main.c:230:6:SystemClock_Config	88	static
../Core/Src/main.c:276:13:MX_ADC1_Init	24	static
../Core/Src/main.c:328:13:MX_I2C1_Init	8	static
../Core/Src/main.c:362:13:MX_SPI1_Init	8	static
../Core/Src/main.c:400:13:MX_SPI2_Init	8	static
../Core/Src/main.c:438:13:MX_SPI3_Init	8	static
../Core/Src/main.c:476:13:MX_USART1_UART_Init	8	static
../Core/Src/main.c:509:13:MX_USART2_UART_Init	8	static
../Core/Src/main.c:542:13:MX_USART6_UART_Init	8	static
../Core/Src/main.c:573:13:MX_DMA_Init	16	static
../Core/Src/main.c:625:13:MX_GPIO_Init	48	static
../Core/Src/main.c:790:6:StartTaskIMU	16	static
../Core/Src/main.c:868:6:StartTaskGPS	16	static
../Core/Src/main.c:941:6:StartTaskLCD	16	static
../Core/Src/main.c:962:6:StartTaskBattery	16	static
../Core/Src/main.c:984:6:StartLoRaTask	16	static
../Core/Src/main.c:1003:6:StartTaskButton	16	static
../Core/Src/main.c:1021:6:StartTaskDebug	16	static
../Core/Src/main.c:1042:6:HAL_TIM_PeriodElapsedCallback	16	static
../Core/Src/main.c:1064:6:Error_Handler	4	static,ignoring_inline_asm
