../Core/Src/main.c:113:5:main	224	static
../Core/Src/main.c:229:6:SystemClock_Config	88	static
../Core/Src/main.c:275:13:MX_ADC1_Init	24	static
../Core/Src/main.c:327:13:MX_I2C1_Init	8	static
../Core/Src/main.c:361:13:MX_SPI1_Init	8	static
../Core/Src/main.c:399:13:MX_SPI2_Init	8	static
../Core/Src/main.c:437:13:MX_SPI3_Init	8	static
../Core/Src/main.c:475:13:MX_USART1_UART_Init	8	static
../Core/Src/main.c:508:13:MX_USART2_UART_Init	8	static
../Core/Src/main.c:541:13:MX_USART6_UART_Init	8	static
../Core/Src/main.c:572:13:MX_DMA_Init	16	static
../Core/Src/main.c:618:13:MX_GPIO_Init	48	static
../Core/Src/main.c:676:6:HAL_UARTEx_RxEventCallback	16	static
../Core/Src/main.c:687:6:HAL_I2C_MemRxCpltCallback	24	static,ignoring_inline_asm
../Core/Src/main.c:700:6:HAL_ADC_ConvCpltCallback	16	static
../Core/Src/main.c:705:6:HAL_SPI_TxCpltCallback	24	static,ignoring_inline_asm
../Core/Src/main.c:733:6:StartTaskIMU	16	static
../Core/Src/main.c:754:6:StartTaskGPS	16	static
../Core/Src/main.c:833:6:StartTaskLCD	16	static
../Core/Src/main.c:854:6:StartTaskBattery	16	static
../Core/Src/main.c:874:6:StartLoRaTask	16	static
../Core/Src/main.c:894:6:StartTaskButton	16	static
../Core/Src/main.c:913:6:StartTaskDebug	16	static
../Core/Src/main.c:935:6:HAL_TIM_PeriodElapsedCallback	16	static
../Core/Src/main.c:957:6:Error_Handler	4	static,ignoring_inline_asm
