../Core/Src/main.c:109:5:main	80	static
../Core/Src/main.c:224:6:SystemClock_Config	88	static
../Core/Src/main.c:270:13:MX_ADC1_Init	24	static
../Core/Src/main.c:322:13:MX_I2C2_Init	8	static
../Core/Src/main.c:356:13:MX_I2C3_Init	8	static
../Core/Src/main.c:390:13:MX_SPI1_Init	8	static
../Core/Src/main.c:428:13:MX_SPI2_Init	8	static
../Core/Src/main.c:466:13:MX_SPI3_Init	8	static
../Core/Src/main.c:504:13:MX_USART1_UART_Init	8	static
../Core/Src/main.c:537:13:MX_USART2_UART_Init	8	static
../Core/Src/main.c:568:13:MX_DMA_Init	16	static
../Core/Src/main.c:601:13:MX_GPIO_Init	48	static
../Core/Src/main.c:735:6:HAL_ADC_ConvCpltCallback	16	static
../Core/Src/main.c:740:6:HAL_SPI_TxCpltCallback	24	static,ignoring_inline_asm
../Core/Src/main.c:768:6:StartTaskIMU	16	static
../Core/Src/main.c:846:6:StartTaskGPS	16	static
../Core/Src/main.c:919:6:StartTaskLCD	16	static
../Core/Src/main.c:940:6:StartTaskBattery	16	static
../Core/Src/main.c:959:6:StartLoRaTask	16	static
../Core/Src/main.c:979:6:StartTaskButton	16	static
../Core/Src/main.c:997:6:StartTaskDebug	16	static
../Core/Src/main.c:1017:6:HAL_TIM_PeriodElapsedCallback	16	static
../Core/Src/main.c:1039:6:Error_Handler	4	static,ignoring_inline_asm
