../Core/Src/main.c:109:5:main	224	static
../Core/Src/main.c:229:6:SystemClock_Config	88	static
../Core/Src/main.c:275:13:MX_ADC1_Init	24	static
../Core/Src/main.c:327:13:MX_I2C2_Init	8	static
../Core/Src/main.c:361:13:MX_I2C3_Init	8	static
../Core/Src/main.c:395:13:MX_SPI1_Init	8	static
../Core/Src/main.c:433:13:MX_SPI2_Init	8	static
../Core/Src/main.c:471:13:MX_SPI3_Init	8	static
../Core/Src/main.c:509:13:MX_USART1_UART_Init	8	static
../Core/Src/main.c:542:13:MX_USART2_UART_Init	8	static
../Core/Src/main.c:573:13:MX_DMA_Init	16	static
../Core/Src/main.c:607:13:MX_GPIO_Init	48	static
../Core/Src/main.c:659:6:HAL_UARTEx_RxEventCallback	16	static
../Core/Src/main.c:670:6:HAL_I2C_MemRxCpltCallback	24	static,ignoring_inline_asm
../Core/Src/main.c:682:6:HAL_ADC_ConvCpltCallback	16	static
../Core/Src/main.c:687:6:HAL_SPI_TxCpltCallback	24	static,ignoring_inline_asm
../Core/Src/main.c:715:6:StartTaskIMU	16	static
../Core/Src/main.c:736:6:StartTaskGPS	16	static
../Core/Src/main.c:755:6:StartTaskLCD	16	static
../Core/Src/main.c:776:6:StartTaskBattery	16	static
../Core/Src/main.c:797:6:StartLoRaTask	16	static
../Core/Src/main.c:821:6:StartTaskButton	16	static
../Core/Src/main.c:842:6:StartTaskDebug	16	static
../Core/Src/main.c:863:6:HAL_TIM_PeriodElapsedCallback	16	static
../Core/Src/main.c:885:6:Error_Handler	4	static,ignoring_inline_asm
