../Core/Src/main.c:115:5:main	248	static
../Core/Src/main.c:241:6:SystemClock_Config	88	static
../Core/Src/main.c:287:13:MX_ADC1_Init	24	static
../Core/Src/main.c:339:13:MX_I2C2_Init	8	static
../Core/Src/main.c:373:13:MX_I2C3_Init	8	static
../Core/Src/main.c:407:13:MX_SPI1_Init	8	static
../Core/Src/main.c:445:13:MX_SPI2_Init	8	static
../Core/Src/main.c:483:13:MX_SPI3_Init	8	static
../Core/Src/main.c:521:13:MX_USART1_UART_Init	8	static
../Core/Src/main.c:554:13:MX_USART2_UART_Init	8	static
../Core/Src/main.c:585:13:MX_DMA_Init	16	static
../Core/Src/main.c:619:13:MX_GPIO_Init	48	static
../Core/Src/main.c:671:6:HAL_UARTEx_RxEventCallback	16	static
../Core/Src/main.c:682:6:HAL_I2C_MemRxCpltCallback	24	static,ignoring_inline_asm
../Core/Src/main.c:694:6:HAL_ADC_ConvCpltCallback	16	static
../Core/Src/main.c:698:6:HAL_SPI_TxCpltCallback	24	static,ignoring_inline_asm
../Core/Src/main.c:718:6:HAL_UART_RxCpltCallback	24	static
../Core/Src/main.c:751:6:StartTaskIMU	16	static
../Core/Src/main.c:772:6:StartTaskGPS	16	static
../Core/Src/main.c:792:6:StartTaskLCD	16	static
../Core/Src/main.c:813:6:StartTaskBattery	16	static
../Core/Src/main.c:834:6:StartLoRaTask	16	static
../Core/Src/main.c:855:6:StartTaskButton	16	static
../Core/Src/main.c:876:6:StartTaskDebug	16	static
../Core/Src/main.c:896:6:StartTaskRangefinder	16	static
../Core/Src/main.c:915:6:HAL_TIM_PeriodElapsedCallback	16	static
../Core/Src/main.c:937:6:Error_Handler	4	static,ignoring_inline_asm
