../Core/Src/main.c:131:5:main	72	static
../Core/Src/main.c:246:6:SystemClock_Config	88	static
../Core/Src/main.c:292:13:MX_ADC1_Init	24	static
../Core/Src/main.c:344:13:MX_I2C1_Init	8	static
../Core/Src/main.c:378:13:MX_SPI1_Init	8	static
../Core/Src/main.c:416:13:MX_SPI2_Init	8	static
../Core/Src/main.c:454:13:MX_SPI3_Init	8	static
../Core/Src/main.c:492:13:MX_USART1_UART_Init	8	static
../Core/Src/main.c:525:13:MX_USART2_UART_Init	8	static
../Core/Src/main.c:558:13:MX_USART6_UART_Init	8	static
../Core/Src/main.c:589:13:MX_DMA_Init	16	static
../Core/Src/main.c:641:13:MX_GPIO_Init	48	static
../Core/Src/main.c:806:6:StartTaskIMU	16	static
../Core/Src/main.c:884:6:StartTaskGPS	16	static
../Core/Src/main.c:957:6:StartTaskLCD	16	static
../Core/Src/main.c:978:6:StartTaskBattery	16	static
../Core/Src/main.c:1000:6:StartLoRaTask	16	static
../Core/Src/main.c:1062:6:StartTaskButton	16	static
../Core/Src/main.c:1081:6:StartTaskDebug	16	static
../Core/Src/main.c:1102:6:HAL_TIM_PeriodElapsedCallback	16	static
../Core/Src/main.c:1124:6:Error_Handler	4	static,ignoring_inline_asm
