../Core/Src/main.c:115:5:main	136	static
../Core/Src/main.c:230:6:SystemClock_Config	88	static
../Core/Src/main.c:276:13:MX_ADC1_Init	24	static
../Core/Src/main.c:328:13:MX_I2C1_Init	8	static
../Core/Src/main.c:362:13:MX_SPI1_Init	8	static
../Core/Src/main.c:400:13:MX_SPI2_Init	8	static
../Core/Src/main.c:438:13:MX_SPI3_Init	8	static
../Core/Src/main.c:476:13:MX_USART1_UART_Init	8	static
../Core/Src/main.c:509:13:MX_USART2_UART_Init	8	static
../Core/Src/main.c:542:13:MX_USART6_UART_Init	8	static
../Core/Src/main.c:573:13:MX_DMA_Init	16	static
../Core/Src/main.c:625:13:MX_GPIO_Init	48	static
../Core/Src/main.c:759:6:HAL_ADC_ConvCpltCallback	16	static
../Core/Src/main.c:764:6:HAL_SPI_TxCpltCallback	24	static,ignoring_inline_asm
../Core/Src/main.c:792:6:StartTaskIMU	16	static
../Core/Src/main.c:870:6:StartTaskGPS	16	static
../Core/Src/main.c:943:6:StartTaskLCD	16	static
../Core/Src/main.c:964:6:StartTaskBattery	16	static
../Core/Src/main.c:983:6:StartLoRaTask	16	static
../Core/Src/main.c:1002:6:StartTaskButton	16	static
../Core/Src/main.c:1020:6:StartTaskDebug	16	static
../Core/Src/main.c:1041:6:HAL_TIM_PeriodElapsedCallback	16	static
../Core/Src/main.c:1063:6:Error_Handler	4	static,ignoring_inline_asm
