../Core/Src/micro_aes.c:105:13:xorBlock	24	static
../Core/Src/micro_aes.c:115:16:xtime	16	static
../Core/Src/micro_aes.c:123:16:mixG8	24	static
../Core/Src/micro_aes.c:144:13:KeyExpansion	24	static
../Core/Src/micro_aes.c:181:13:AddRoundKey	16	static
../Core/Src/micro_aes.c:187:13:SubBytes	24	static
../Core/Src/micro_aes.c:198:13:ShiftRows	24	static
../Core/Src/micro_aes.c:221:13:MixColumns	24	static
../Core/Src/micro_aes.c:242:13:rijndaelEncrypt	24	static
../Core/Src/micro_aes.c:268:13:InvSubBytes	24	static
../Core/Src/micro_aes.c:278:13:InvShiftRows	24	static
../Core/Src/micro_aes.c:301:13:InvMixColumns	40	static
../Core/Src/micro_aes.c:315:13:rijndaelDecrypt	24	static
../Core/Src/micro_aes.c:399:13:copyLint	24	static
../Core/Src/micro_aes.c:410:13:xorBEint	24	static
../Core/Src/micro_aes.c:421:13:incBlock	16	static
../Core/Src/micro_aes.c:434:13:doubleBblock	24	static
../Core/Src/micro_aes.c:449:13:doubleLblock	24	static
../Core/Src/micro_aes.c:464:13:divideBblock	24	static
../Core/Src/micro_aes.c:476:13:mulGF128	48	static
../Core/Src/micro_aes.c:499:13:divideLblock	24	static
../Core/Src/micro_aes.c:511:13:dotGF128	48	static
../Core/Src/micro_aes.c:534:13:mixThenXor	24	static
../Core/Src/micro_aes.c:551:13:xMac	32	static
../Core/Src/micro_aes.c:576:13:cMac	48	static
../Core/Src/micro_aes.c:593:13:getSubkeys	24	static
../Core/Src/micro_aes.c:610:13:padBlock	24	static
../Core/Src/micro_aes.c:636:6:AES_ECB_encrypt	32	static
../Core/Src/micro_aes.c:663:6:AES_ECB_decrypt	32	static
../Core/Src/micro_aes.c:697:6:AES_CBC_encrypt	56	static
../Core/Src/micro_aes.c:746:6:AES_CBC_decrypt	56	static
../Core/Src/micro_aes.c:799:13:CFB_cipher	64	static
../Core/Src/micro_aes.c:827:6:AES_CFB_encrypt	32	static
../Core/Src/micro_aes.c:841:6:AES_CFB_decrypt	32	static
../Core/Src/micro_aes.c:861:6:AES_OFB_encrypt	64	static
../Core/Src/micro_aes.c:889:6:AES_OFB_decrypt	32	static
../Core/Src/micro_aes.c:919:13:CTR_cipher	88	static
../Core/Src/micro_aes.c:962:6:AES_CTR_encrypt	48	static
../Core/Src/micro_aes.c:986:6:AES_CTR_decrypt	32	static
../Core/Src/micro_aes.c:1008:13:XTS_cipher	80	static
../Core/Src/micro_aes.c:1066:6:AES_XTS_encrypt	32	static
../Core/Src/micro_aes.c:1085:6:AES_XTS_decrypt	32	static
../Core/Src/micro_aes.c:1108:6:AES_CMAC	72	static
../Core/Src/micro_aes.c:1127:13:gHash	48	static
../Core/Src/micro_aes.c:1140:13:GCMsetup	24	static
../Core/Src/micro_aes.c:1164:6:AES_GCM_encrypt	96	static
../Core/Src/micro_aes.c:1192:6:AES_GCM_decrypt	88	static
../Core/Src/micro_aes.c:1222:13:CCMtag	56	static
../Core/Src/micro_aes.c:1268:6:AES_CCM_encrypt	80	static
../Core/Src/micro_aes.c:1295:6:AES_CCM_decrypt	72	static
../Core/Src/micro_aes.c:1324:13:S2V	96	static
../Core/Src/micro_aes.c:1372:6:AES_SIV_encrypt	32	static
../Core/Src/micro_aes.c:1394:6:AES_SIV_decrypt	48	static
../Core/Src/micro_aes.c:1421:13:polyval	48	static
../Core/Src/micro_aes.c:1434:13:GCM_SIVsetup	88	static
../Core/Src/micro_aes.c:1451:13:GCM_SIVtag	24	static
../Core/Src/micro_aes.c:1470:6:GCM_SIV_encrypt	56	static
../Core/Src/micro_aes.c:1496:6:GCM_SIV_decrypt	72	static
../Core/Src/micro_aes.c:1531:13:oMac	32	static
../Core/Src/micro_aes.c:1563:6:AES_EAX_encrypt	112	static
../Core/Src/micro_aes.c:1611:6:AES_EAX_decrypt	104	static
../Core/Src/micro_aes.c:1657:13:nop	16	static
../Core/Src/micro_aes.c:1662:13:getDelta	56	static
../Core/Src/micro_aes.c:1693:13:OCB_cipher	136	static
../Core/Src/micro_aes.c:1774:6:AES_OCB_encrypt	72	static
../Core/Src/micro_aes.c:1797:6:AES_OCB_decrypt	64	static
../Core/Src/micro_aes.c:1829:6:AES_KEY_wrap	64	static
../Core/Src/micro_aes.c:1865:6:AES_KEY_unwrap	64	static
../Core/Src/micro_aes.c:1904:13:addLblocks	32	static
../Core/Src/micro_aes.c:1915:13:modP1305	16	static
../Core/Src/micro_aes.c:1929:13:mulLblocks	64	static
../Core/Src/micro_aes.c:1956:6:AES_Poly1305	120	static
../Core/Src/micro_aes.c:2039:13:numRadix	32	static
../Core/Src/micro_aes.c:2054:13:strRadix	32	static
../Core/Src/micro_aes.c:2069:13:addRadix	32	static
../Core/Src/micro_aes.c:2080:13:subRadix	32	static
../Core/Src/micro_aes.c:2091:13:FF1round	72	static
../Core/Src/micro_aes.c:2117:13:FF1_cipher	64	static
../Core/Src/micro_aes.c:2267:13:FPE_cipher	56	static
../Core/Src/micro_aes.c:2326:6:AES_FPE_encrypt	48	static
../Core/Src/micro_aes.c:2343:6:AES_FPE_decrypt	48	static
