../Core/Src/st7735.c:19:20:ST7735_sendCMDCPU	16	static
../Core/Src/st7735.c:26:20:ST7735_sendDataCPU	16	static
../Core/Src/st7735.c:34:20:setPos	32	static
../Core/Src/st7735.c:42:20:fb_setPixel	16	static
../Core/Src/st7735.c:63:6:ST7735_WriteChar	32	static
../Core/Src/st7735.c:77:6:ST7735_WriteString	40	static
../Core/Src/st7735.c:89:6:ST7735_Flush	8	static
../Core/Src/st7735.c:105:6:ST7735_Run	40	static
../Core/Src/st7735.c:175:6:ST7735_init	96	static
../Core/Src/st7735.c:263:6:fillFullScreen	24	static
