../Drivers/STM32F4xx_HAL_Driver/Src/stm32f4xx_hal_i2c.c:446:19:HAL_I2C_Init	24	static
../Drivers/STM32F4xx_HAL_Driver/Src/stm32f4xx_hal_i2c.c:561:19:HAL_I2C_DeInit	16	static
../Drivers/STM32F4xx_HAL_Driver/Src/stm32f4xx_hal_i2c.c:607:13:HAL_I2C_MspInit	16	static
../Drivers/STM32F4xx_HAL_Driver/Src/stm32f4xx_hal_i2c.c:623:13:HAL_I2C_MspDeInit	16	static
../Drivers/STM32F4xx_HAL_Driver/Src/stm32f4xx_hal_i2c.c:960:13:I2C_Flush_DR	16	static
../Drivers/STM32F4xx_HAL_Driver/Src/stm32f4xx_hal_i2c.c:1057:19:HAL_I2C_Master_Transmit	40	static
../Drivers/STM32F4xx_HAL_Driver/Src/stm32f4xx_hal_i2c.c:1178:19:HAL_I2C_Master_Receive	56	static
../Drivers/STM32F4xx_HAL_Driver/Src/stm32f4xx_hal_i2c.c:1429:19:HAL_I2C_Slave_Transmit	48	static
../Drivers/STM32F4xx_HAL_Driver/Src/stm32f4xx_hal_i2c.c:1559:19:HAL_I2C_Slave_Receive	48	static
../Drivers/STM32F4xx_HAL_Driver/Src/stm32f4xx_hal_i2c.c:1680:19:HAL_I2C_Master_Transmit_IT	32	static
../Drivers/STM32F4xx_HAL_Driver/Src/stm32f4xx_hal_i2c.c:1757:19:HAL_I2C_Master_Receive_IT	32	static
../Drivers/STM32F4xx_HAL_Driver/Src/stm32f4xx_hal_i2c.c:1837:19:HAL_I2C_Slave_Transmit_IT	24	static
../Drivers/STM32F4xx_HAL_Driver/Src/stm32f4xx_hal_i2c.c:1899:19:HAL_I2C_Slave_Receive_IT	24	static
../Drivers/STM32F4xx_HAL_Driver/Src/stm32f4xx_hal_i2c.c:1963:19:HAL_I2C_Master_Transmit_DMA	32	static
../Drivers/STM32F4xx_HAL_Driver/Src/stm32f4xx_hal_i2c.c:2120:19:HAL_I2C_Master_Receive_DMA	32	static
../Drivers/STM32F4xx_HAL_Driver/Src/stm32f4xx_hal_i2c.c:2273:19:HAL_I2C_Slave_Transmit_DMA	32	static
../Drivers/STM32F4xx_HAL_Driver/Src/stm32f4xx_hal_i2c.c:2387:19:HAL_I2C_Slave_Receive_DMA	32	static
../Drivers/STM32F4xx_HAL_Driver/Src/stm32f4xx_hal_i2c.c:2506:19:HAL_I2C_Mem_Write	40	static
../Drivers/STM32F4xx_HAL_Driver/Src/stm32f4xx_hal_i2c.c:2629:19:HAL_I2C_Mem_Read	56	static
../Drivers/STM32F4xx_HAL_Driver/Src/stm32f4xx_hal_i2c.c:2881:19:HAL_I2C_Mem_Write_IT	32	static
../Drivers/STM32F4xx_HAL_Driver/Src/stm32f4xx_hal_i2c.c:2966:19:HAL_I2C_Mem_Read_IT	32	static
../Drivers/STM32F4xx_HAL_Driver/Src/stm32f4xx_hal_i2c.c:3057:19:HAL_I2C_Mem_Write_DMA	48	static
../Drivers/STM32F4xx_HAL_Driver/Src/stm32f4xx_hal_i2c.c:3239:19:HAL_I2C_Mem_Read_DMA	56	static
../Drivers/STM32F4xx_HAL_Driver/Src/stm32f4xx_hal_i2c.c:3435:19:HAL_I2C_IsDeviceReady	48	static
../Drivers/STM32F4xx_HAL_Driver/Src/stm32f4xx_hal_i2c.c:3571:19:HAL_I2C_Master_Seq_Transmit_IT	32	static
../Drivers/STM32F4xx_HAL_Driver/Src/stm32f4xx_hal_i2c.c:3666:19:HAL_I2C_Master_Seq_Transmit_DMA	40	static
../Drivers/STM32F4xx_HAL_Driver/Src/stm32f4xx_hal_i2c.c:3846:19:HAL_I2C_Master_Seq_Receive_IT	40	static
../Drivers/STM32F4xx_HAL_Driver/Src/stm32f4xx_hal_i2c.c:3967:19:HAL_I2C_Master_Seq_Receive_DMA	40	static
../Drivers/STM32F4xx_HAL_Driver/Src/stm32f4xx_hal_i2c.c:4182:19:HAL_I2C_Slave_Seq_Transmit_IT	32	static
../Drivers/STM32F4xx_HAL_Driver/Src/stm32f4xx_hal_i2c.c:4248:19:HAL_I2C_Slave_Seq_Transmit_DMA	32	static
../Drivers/STM32F4xx_HAL_Driver/Src/stm32f4xx_hal_i2c.c:4422:19:HAL_I2C_Slave_Seq_Receive_IT	32	static
../Drivers/STM32F4xx_HAL_Driver/Src/stm32f4xx_hal_i2c.c:4488:19:HAL_I2C_Slave_Seq_Receive_DMA	32	static
../Drivers/STM32F4xx_HAL_Driver/Src/stm32f4xx_hal_i2c.c:4658:19:HAL_I2C_EnableListen_IT	16	static
../Drivers/STM32F4xx_HAL_Driver/Src/stm32f4xx_hal_i2c.c:4691:19:HAL_I2C_DisableListen_IT	24	static
../Drivers/STM32F4xx_HAL_Driver/Src/stm32f4xx_hal_i2c.c:4726:19:HAL_I2C_Master_Abort_IT	24	static
../Drivers/STM32F4xx_HAL_Driver/Src/stm32f4xx_hal_i2c.c:4786:6:HAL_I2C_EV_IRQHandler	40	static
../Drivers/STM32F4xx_HAL_Driver/Src/stm32f4xx_hal_i2c.c:4955:6:HAL_I2C_ER_IRQHandler	48	static
../Drivers/STM32F4xx_HAL_Driver/Src/stm32f4xx_hal_i2c.c:5035:13:HAL_I2C_MasterTxCpltCallback	16	static
../Drivers/STM32F4xx_HAL_Driver/Src/stm32f4xx_hal_i2c.c:5051:13:HAL_I2C_MasterRxCpltCallback	16	static
../Drivers/STM32F4xx_HAL_Driver/Src/stm32f4xx_hal_i2c.c:5066:13:HAL_I2C_SlaveTxCpltCallback	16	static
../Drivers/STM32F4xx_HAL_Driver/Src/stm32f4xx_hal_i2c.c:5082:13:HAL_I2C_SlaveRxCpltCallback	16	static
../Drivers/STM32F4xx_HAL_Driver/Src/stm32f4xx_hal_i2c.c:5100:13:HAL_I2C_AddrCallback	16	static
../Drivers/STM32F4xx_HAL_Driver/Src/stm32f4xx_hal_i2c.c:5118:13:HAL_I2C_ListenCpltCallback	16	static
../Drivers/STM32F4xx_HAL_Driver/Src/stm32f4xx_hal_i2c.c:5134:13:HAL_I2C_MemTxCpltCallback	16	static
../Drivers/STM32F4xx_HAL_Driver/Src/stm32f4xx_hal_i2c.c:5150:13:HAL_I2C_MemRxCpltCallback	16	static
../Drivers/STM32F4xx_HAL_Driver/Src/stm32f4xx_hal_i2c.c:5166:13:HAL_I2C_ErrorCallback	16	static
../Drivers/STM32F4xx_HAL_Driver/Src/stm32f4xx_hal_i2c.c:5182:13:HAL_I2C_AbortCpltCallback	16	static
../Drivers/STM32F4xx_HAL_Driver/Src/stm32f4xx_hal_i2c.c:5217:22:HAL_I2C_GetState	16	static
../Drivers/STM32F4xx_HAL_Driver/Src/stm32f4xx_hal_i2c.c:5229:21:HAL_I2C_GetMode	16	static
../Drivers/STM32F4xx_HAL_Driver/Src/stm32f4xx_hal_i2c.c:5240:10:HAL_I2C_GetError	16	static
../Drivers/STM32F4xx_HAL_Driver/Src/stm32f4xx_hal_i2c.c:5263:13:I2C_MasterTransmit_TXE	24	static
../Drivers/STM32F4xx_HAL_Driver/Src/stm32f4xx_hal_i2c.c:5357:13:I2C_MasterTransmit_BTF	24	static
../Drivers/STM32F4xx_HAL_Driver/Src/stm32f4xx_hal_i2c.c:5436:13:I2C_MemoryTransmit_TXE_BTF	24	static
../Drivers/STM32F4xx_HAL_Driver/Src/stm32f4xx_hal_i2c.c:5523:13:I2C_MasterReceive_RXNE	24	static
../Drivers/STM32F4xx_HAL_Driver/Src/stm32f4xx_hal_i2c.c:5642:13:I2C_MasterReceive_BTF	24	static
../Drivers/STM32F4xx_HAL_Driver/Src/stm32f4xx_hal_i2c.c:5771:13:I2C_Master_SB	16	static
../Drivers/STM32F4xx_HAL_Driver/Src/stm32f4xx_hal_i2c.c:5832:13:I2C_Master_ADD10	16	static
../Drivers/STM32F4xx_HAL_Driver/Src/stm32f4xx_hal_i2c.c:5851:13:I2C_Master_ADDR	72	static
../Drivers/STM32F4xx_HAL_Driver/Src/stm32f4xx_hal_i2c.c:5996:13:I2C_SlaveTransmit_TXE	24	static
../Drivers/STM32F4xx_HAL_Driver/Src/stm32f4xx_hal_i2c.c:6037:13:I2C_SlaveTransmit_BTF	16	static
../Drivers/STM32F4xx_HAL_Driver/Src/stm32f4xx_hal_i2c.c:6058:13:I2C_SlaveReceive_RXNE	24	static
../Drivers/STM32F4xx_HAL_Driver/Src/stm32f4xx_hal_i2c.c:6099:13:I2C_SlaveReceive_BTF	16	static
../Drivers/STM32F4xx_HAL_Driver/Src/stm32f4xx_hal_i2c.c:6121:13:I2C_Slave_ADDR	24	static
../Drivers/STM32F4xx_HAL_Driver/Src/stm32f4xx_hal_i2c.c:6172:13:I2C_Slave_STOPF	24	static
../Drivers/STM32F4xx_HAL_Driver/Src/stm32f4xx_hal_i2c.c:6341:13:I2C_Slave_AF	24	static
../Drivers/STM32F4xx_HAL_Driver/Src/stm32f4xx_hal_i2c.c:6410:13:I2C_ITError	24	static
../Drivers/STM32F4xx_HAL_Driver/Src/stm32f4xx_hal_i2c.c:6576:26:I2C_MasterRequestWrite	40	static
../Drivers/STM32F4xx_HAL_Driver/Src/stm32f4xx_hal_i2c.c:6646:26:I2C_MasterRequestRead	40	static
../Drivers/STM32F4xx_HAL_Driver/Src/stm32f4xx_hal_i2c.c:6746:26:I2C_RequestMemoryWrite	40	static
../Drivers/STM32F4xx_HAL_Driver/Src/stm32f4xx_hal_i2c.c:6826:26:I2C_RequestMemoryRead	40	static
../Drivers/STM32F4xx_HAL_Driver/Src/stm32f4xx_hal_i2c.c:6935:13:I2C_DMAXferCplt	32	static
../Drivers/STM32F4xx_HAL_Driver/Src/stm32f4xx_hal_i2c.c:7080:13:I2C_DMAError	24	static
../Drivers/STM32F4xx_HAL_Driver/Src/stm32f4xx_hal_i2c.c:7121:13:I2C_DMAAbort	32	static
../Drivers/STM32F4xx_HAL_Driver/Src/stm32f4xx_hal_i2c.c:7224:26:I2C_WaitOnFlagUntilTimeout	24	static
../Drivers/STM32F4xx_HAL_Driver/Src/stm32f4xx_hal_i2c.c:7261:26:I2C_WaitOnMasterAddressFlagUntilTimeout	24	static
../Drivers/STM32F4xx_HAL_Driver/Src/stm32f4xx_hal_i2c.c:7315:26:I2C_WaitOnTXEFlagUntilTimeout	24	static
../Drivers/STM32F4xx_HAL_Driver/Src/stm32f4xx_hal_i2c.c:7356:26:I2C_WaitOnBTFFlagUntilTimeout	24	static
../Drivers/STM32F4xx_HAL_Driver/Src/stm32f4xx_hal_i2c.c:7397:26:I2C_WaitOnSTOPFlagUntilTimeout	24	static
../Drivers/STM32F4xx_HAL_Driver/Src/stm32f4xx_hal_i2c.c:7433:26:I2C_WaitOnSTOPRequestThroughIT	24	static
../Drivers/STM32F4xx_HAL_Driver/Src/stm32f4xx_hal_i2c.c:7462:26:I2C_WaitOnRXNEFlagUntilTimeout	24	static
../Drivers/STM32F4xx_HAL_Driver/Src/stm32f4xx_hal_i2c.c:7510:26:I2C_IsAcknowledgeFailed	16	static
../Drivers/STM32F4xx_HAL_Driver/Src/stm32f4xx_hal_i2c.c:7535:13:I2C_ConvertOtherXferOptions	16	static
