../Core/Src/gps.c:16:16:GPS_CaculateChecksum	24	static
../Core/Src/gps.c:34:9:GPS_SendCommand	288	static
../Core/Src/gps.c:61:9:GPS_Init	8	static
../Core/Src/gps.c:96:14:parseRMC	280	static
../Core/Src/gps.c:148:14:parseGGA	248	static
../Core/Src/gps.c:185:9:GPS_Data_Update	168	static
../Core/Src/gps.c:218:9:GPS_RMC_Get	16	static
../Core/Src/gps.c:223:10:GPS_GGA_Get	24	static
../Core/Src/gps.c:228:9:GPS_Coordinates_Get	16	static
../Core/Src/gps.c:235:9:GPS_Get_Status	8	static
../Core/Src/gps.c:244:21:deg2rad	16	static
../Core/Src/gps.c:245:21:rad2deg	16	static
../Core/Src/gps.c:249:6:wgs84_to_ecef	64	static
../Core/Src/gps.c:268:6:ecef_to_wgs84	80	static
../Core/Src/gps.c:295:6:enu_rotation_matrix	48	static
../Core/Src/gps.c:319:6:wgs84_to_enu	120	static
../Core/Src/gps.c:340:6:enu_to_wgs84	152	static
