..\Core\Src\gps.c:24:9:GPS_CaculateChecksum	24	static
..\Core\Src\gps.c:43:9:GPS_SendCommand	288	static
..\Core\Src\gps.c:70:9:GPS_Init	8	static
..\Core\Src\gps.c:90:7:parseRMC	280	static
..\Core\Src\gps.c:142:7:parseGGA	248	static
..\Core\Src\gps.c:179:9:GPS_ReceiveRawData	16	static
..\Core\Src\gps.c:194:9:GPS_Data_Update	168	static
..\Core\Src\gps.c:256:9:GPS_RMC_Get	16	static
..\Core\Src\gps.c:261:10:GPS_GGA_Get	24	static
..\Core\Src\gps.c:266:9:GPS_Coordinates_Get	24	static
..\Core\Src\gps.c:275:21:deg2rad	16	static
..\Core\Src\gps.c:276:21:rad2deg	16	static
..\Core\Src\gps.c:280:6:wgs84_to_ecef	64	static
..\Core\Src\gps.c:299:6:ecef_to_wgs84	80	static
..\Core\Src\gps.c:328:6:enu_rotation_matrix	48	static
..\Core\Src\gps.c:354:6:wgs84_to_enu	120	static
..\Core\Src\gps.c:376:6:enu_to_wgs84	152	static
