../Core/Src/LoRa.c:23:6:LoRa_create	72	static
../Core/Src/LoRa.c:62:6:LoRa_reset	16	static
../Core/Src/LoRa.c:78:9:LoRa_isvalid	16	static
../Core/Src/LoRa.c:95:9:LoRa_read	24	static
../Core/Src/LoRa.c:128:6:LoRa_write	24	static
../Core/Src/LoRa.c:160:6:LoRa_burstWrite	32	static
../Core/Src/LoRa.c:188:6:LoRa_gotoMode	24	static
../Core/Src/LoRa.c:241:6:LoRa_setLowDaraRateOptimization	24	static
../Core/Src/LoRa.c:271:6:LoRa_setAutoLDO	96	static
../Core/Src/LoRa.c:287:6:LoRa_setFrequency	24	static
../Core/Src/LoRa.c:322:6:LoRa_setSpreadingFactor	24	static
../Core/Src/LoRa.c:352:6:LoRa_setPower	16	static
../Core/Src/LoRa.c:368:6:LoRa_setOCP	24	static
../Core/Src/LoRa.c:396:6:LoRa_setTOMsb_setCRCon	24	static
../Core/Src/LoRa.c:419:6:LoRa_setSyncWord	16	static
../Core/Src/LoRa.c:439:9:LoRa_transmit	32	static
../Core/Src/LoRa.c:481:6:LoRa_startReceiving	16	static
../Core/Src/LoRa.c:497:9:LoRa_receive	48	static
../Core/Src/LoRa.c:530:5:LoRa_getRSSI	24	static
../Core/Src/LoRa.c:546:10:LoRa_init	24	static
