../Core/Src/main.c:115:5:main	2
../Core/Src/main.c:211:6:SystemClock_Config	3
../Core/Src/main.c:257:13:MX_ADC1_Init	3
../Core/Src/main.c:309:13:MX_I2C2_Init	2
../Core/Src/main.c:343:13:MX_I2C3_Init	2
../Core/Src/main.c:377:13:MX_SPI1_Init	2
../Core/Src/main.c:415:13:MX_SPI2_Init	2
../Core/Src/main.c:453:13:MX_SPI3_Init	2
../Core/Src/main.c:491:13:MX_TIM2_Init	4
../Core/Src/main.c:536:13:MX_TIM3_Init	4
../Core/Src/main.c:581:13:MX_USART1_UART_Init	2
../Core/Src/main.c:614:13:MX_USART2_UART_Init	2
../Core/Src/main.c:645:13:MX_DMA_Init	1
../Core/Src/main.c:667:13:MX_GPIO_Init	1
../Core/Src/main.c:723:6:HAL_UARTEx_RxEventCallback	2
../Core/Src/main.c:746:6:HAL_ADC_ConvCpltCallback	1
../Core/Src/main.c:763:6:HAL_TIM_PeriodElapsedCallback	3
../Core/Src/main.c:785:6:Error_Handler	1
