../Core/Src/main.c:182:5:main	48	static
../Core/Src/main.c:312:6:SystemClock_Config	88	static
../Core/Src/main.c:358:13:MX_ADC1_Init	24	static
../Core/Src/main.c:410:13:MX_I2C2_Init	8	static
../Core/Src/main.c:448:13:MX_I2C3_Init	8	static
../Core/Src/main.c:485:13:MX_SPI1_Init	8	static
../Core/Src/main.c:523:13:MX_SPI2_Init	8	static
../Core/Src/main.c:561:13:MX_SPI3_Init	8	static
../Core/Src/main.c:599:13:MX_TIM2_Init	32	static
../Core/Src/main.c:644:13:MX_USART1_UART_Init	8	static
../Core/Src/main.c:677:13:MX_USART2_UART_Init	8	static
../Core/Src/main.c:708:13:MX_DMA_Init	16	static
../Core/Src/main.c:745:13:MX_GPIO_Init	48	static
../Core/Src/main.c:801:6:HAL_UARTEx_RxEventCallback	16	static
../Core/Src/main.c:815:6:HAL_I2C_MemRxCpltCallback	24	static,ignoring_inline_asm
../Core/Src/main.c:879:6:HAL_ADC_ConvCpltCallback	16	static
../Core/Src/main.c:884:6:HAL_SPI_TxCpltCallback	24	static,ignoring_inline_asm
../Core/Src/main.c:910:6:StartTaskIMU	24	static
../Core/Src/main.c:988:6:StartTaskGPS	64	static
../Core/Src/main.c:1061:6:StartTaskLCD	16	static
../Core/Src/main.c:1082:6:StartTaskBattery	16	static
../Core/Src/main.c:1104:6:StartLoRaTask	104	static
../Core/Src/main.c:1166:6:HAL_TIM_PeriodElapsedCallback	16	static
../Core/Src/main.c:1188:6:Error_Handler	4	static,ignoring_inline_asm
