../Core/Src/main.c:95:5:main	5
../Core/Src/main.c:190:6:SystemClock_Config	3
../Core/Src/main.c:236:13:MX_I2C2_Init	2
../Core/Src/main.c:270:13:MX_I2C3_Init	2
../Core/Src/main.c:304:13:MX_SPI1_Init	2
../Core/Src/main.c:342:13:MX_SPI2_Init	2
../Core/Src/main.c:380:13:MX_SPI3_Init	2
../Core/Src/main.c:418:13:MX_TIM2_Init	4
../Core/Src/main.c:463:13:MX_USART1_UART_Init	2
../Core/Src/main.c:496:13:MX_USART2_UART_Init	2
../Core/Src/main.c:527:13:MX_DMA_Init	1
../Core/Src/main.c:549:13:MX_GPIO_Init	1
../Core/Src/main.c:605:6:HAL_UARTEx_RxEventCallback	2
../Core/Src/main.c:638:6:HAL_TIM_PeriodElapsedCallback	3
../Core/Src/main.c:660:6:Error_Handler	1
