../Core/Src/main.c:114:5:main	24	static
../Core/Src/main.c:212:6:SystemClock_Config	88	static
../Core/Src/main.c:258:13:MX_I2C2_Init	8	static
../Core/Src/main.c:292:13:MX_I2C3_Init	8	static
../Core/Src/main.c:326:13:MX_SPI1_Init	8	static
../Core/Src/main.c:364:13:MX_SPI2_Init	8	static
../Core/Src/main.c:402:13:MX_SPI3_Init	8	static
../Core/Src/main.c:440:13:MX_TIM2_Init	32	static
../Core/Src/main.c:485:13:MX_USART1_UART_Init	8	static
../Core/Src/main.c:518:13:MX_USART2_UART_Init	8	static
../Core/Src/main.c:549:13:MX_DMA_Init	16	static
../Core/Src/main.c:571:13:MX_GPIO_Init	48	static
../Core/Src/main.c:627:6:HAL_UARTEx_RxEventCallback	16	static
../Core/Src/main.c:650:6:HAL_TIM_PeriodElapsedCallback	16	static
../Core/Src/main.c:672:6:Error_Handler	4	static,ignoring_inline_asm
