../Core/Src/stm32f4xx_it.c:82:6:NMI_Handler	4	static
../Core/Src/stm32f4xx_it.c:97:6:HardFault_Handler	4	static
../Core/Src/stm32f4xx_it.c:112:6:MemManage_Handler	4	static
../Core/Src/stm32f4xx_it.c:127:6:BusFault_Handler	4	static
../Core/Src/stm32f4xx_it.c:142:6:UsageFault_Handler	4	static
../Core/Src/stm32f4xx_it.c:157:6:DebugMon_Handler	4	static
../Core/Src/stm32f4xx_it.c:177:6:DMA1_Stream2_IRQHandler	8	static
../Core/Src/stm32f4xx_it.c:191:6:DMA1_Stream5_IRQHandler	8	static
../Core/Src/stm32f4xx_it.c:205:6:ADC_IRQHandler	8	static
../Core/Src/stm32f4xx_it.c:219:6:TIM2_IRQHandler	8	static
../Core/Src/stm32f4xx_it.c:233:6:TIM4_IRQHandler	8	static
../Core/Src/stm32f4xx_it.c:247:6:I2C2_EV_IRQHandler	8	static
../Core/Src/stm32f4xx_it.c:261:6:I2C2_ER_IRQHandler	8	static
../Core/Src/stm32f4xx_it.c:275:6:SPI1_IRQHandler	8	static
../Core/Src/stm32f4xx_it.c:289:6:USART1_IRQHandler	8	static
../Core/Src/stm32f4xx_it.c:303:6:USART2_IRQHandler	8	static
../Core/Src/stm32f4xx_it.c:317:6:DMA1_Stream7_IRQHandler	8	static
../Core/Src/stm32f4xx_it.c:331:6:DMA2_Stream2_IRQHandler	8	static
../Core/Src/stm32f4xx_it.c:345:6:DMA2_Stream7_IRQHandler	8	static
