Removed Pin From Net: NetName=PA0 Pin=C20-15
Removed Pin From Net: NetName=PC13 Pin=C20-16
Removed Pin From Net: NetName=PC14 Pin=C20-17
Removed Pin From Net: NetName=PC15 Pin=C20-18
Removed Pin From Net: NetName=MCU_NRST Pin=C20-19
Removed Pin From Net: NetName=PA8 Pin=C20-20
Removed Pin From Net: NetName=PA10 Pin=C20-21
Removed Pin From Net: NetName=SPI2_MOSI Pin=C20-25
Removed Pin From Net: NetName=SPI2_MISO Pin=C20-26
Removed Pin From Net: NetName=SPI2_SCK Pin=C20-27
Removed Pin From Net: NetName=SPI2_CS Pin=C20-28
Removed Pin From Net: NetName=3.3V_OUT Pin=C20-29
Removed Pin From Net: NetName=SPI3_MISO Pin=C20-35
Removed Pin From Net: NetName=SPI3_MOSI Pin=C20-36
Removed Pin From Net: NetName=SPI3_SCK Pin=C20-37
Removed Pin From Net: NetName=SPI3_CS Pin=C20-38
Removed Pin From Net: NetName=3.3V_OUT Pin=C23-1
Removed Pin From Net: NetName=GND_OUT Pin=C23-2
Removed Pin From Net: NetName=SWDIO Pin=C23-3
Removed Pin From Net: NetName=SWCLK Pin=C23-4
Removed Pin From Net: NetName=PA8 Pin=R27-1
Change Component Footprint: Designator=R27 Old Footprint=RES-SMD-0603 New Footprint=PAD-RES-SMD-0603
Change Component Comment : Designator=R27 Old Comment=0R New Comment=PAD
Added Pin To Net: NetName=3.3V_OUT Pin=C20-15
Added Pin To Net: NetName=PA0 Pin=C20-16
Added Pin To Net: NetName=PA8 Pin=C20-17
Added Pin To Net: NetName=PC13 Pin=C20-18
Added Pin To Net: NetName=PC14 Pin=C20-19
Added Pin To Net: NetName=PC15 Pin=C20-20
Added Pin To Net: NetName=MCU_NRST Pin=C20-21
Added Pin To Net: NetName=GND_OUT Pin=C20-25
Added Pin To Net: NetName=SWDIO Pin=C20-26
Added Pin To Net: NetName=SWCLK Pin=C20-27
Added Pin To Net: NetName=3.3V_OUT Pin=C20-28
Added Pin To Net: NetName=GND_OUT Pin=C20-29
Added Pin To Net: NetName=SPI2_MOSI Pin=C20-35
Added Pin To Net: NetName=SPI2_MISO Pin=C20-36
Added Pin To Net: NetName=SPI2_SCK Pin=C20-37
Added Pin To Net: NetName=SPI2_CS Pin=C20-38
Added Pin To Net: NetName=PB10 Pin=R27-1
