Removed Pin From Net: NetName=VBAT Pin=C1-2
Removed Pin From Net: NetName=V_PWR Pin=DIO1-2
Removed Pin From Net: NetName=V_PWR Pin=Q1-3
Removed Pin From Net: NetName=V_PWR Pin=R7-2
Removed Pin From Net: NetName=VBAT Pin=R10-2
Removed Pin From Net: NetName=GND_OUT Pin=U1-12
Removed Pin From Net: NetName=GND_OUT Pin=U1-13
Removed Pin From Net: NetName=GND_OUT Pin=U1-14
Removed Pin From Net: NetName=GND_OUT Pin=U1-15
Change Component Designator: OldDesignator=C24 NewDesignator=C23
Change Component Designator: OldDesignator=C25 NewDesignator=C24
Change Component Designator: OldDesignator=C26 NewDesignator=C25
Change Component Designator: OldDesignator=C27 NewDesignator=C26
Change Component Designator: OldDesignator=C28 NewDesignator=C27
Change Component Designator: OldDesignator=C29 NewDesignator=C28
Change Component Designator: OldDesignator=C30 NewDesignator=C29
Change Component Designator: OldDesignator=C31 NewDesignator=C30
Change Component Designator: OldDesignator=C32 NewDesignator=C31
Change Component Designator: OldDesignator=C33 NewDesignator=C32
Change Component Designator: OldDesignator=C34 NewDesignator=C33
Change Component Designator: OldDesignator=C35 NewDesignator=C34
Change Component Designator: OldDesignator=C36 NewDesignator=C35
Change Component Designator: OldDesignator=C37 NewDesignator=C36
Change Component Designator: OldDesignator=C38 NewDesignator=C37
Change Component Designator: OldDesignator=C39 NewDesignator=C38
Change Component Designator: OldDesignator=C40 NewDesignator=C39
Change Component Designator: OldDesignator=R11 NewDesignator=R10
Change Component Designator: OldDesignator=R12 NewDesignator=R11
Change Component Designator: OldDesignator=R13 NewDesignator=R12
Change Component Designator: OldDesignator=R14 NewDesignator=R13
Change Component Designator: OldDesignator=R15 NewDesignator=R14
Change Component Designator: OldDesignator=R16 NewDesignator=R15
Change Component Designator: OldDesignator=R17 NewDesignator=R16
Change Component Designator: OldDesignator=R18 NewDesignator=R17
Change Component Designator: OldDesignator=R19 NewDesignator=R18
Change Component Designator: OldDesignator=R20 NewDesignator=R19
Change Component Designator: OldDesignator=R21 NewDesignator=R20
Change Component Designator: OldDesignator=R22 NewDesignator=R21
Change Component Designator: OldDesignator=R23 NewDesignator=R22
Change Component Designator: OldDesignator=R24 NewDesignator=R23
Change Component Designator: OldDesignator=R25 NewDesignator=R24
Change Component Designator: OldDesignator=R26 NewDesignator=R25
Change Component Designator: OldDesignator=R27 NewDesignator=R26
Change Component Designator: OldDesignator=R28 NewDesignator=R27
Change Component Designator: OldDesignator=R29 NewDesignator=R28
Change Component Designator: OldDesignator=R30 NewDesignator=R29
Change Component Designator: OldDesignator=R31 NewDesignator=R30
Change Component Designator: OldDesignator=R32 NewDesignator=R31
Change Component Designator: OldDesignator=R33 NewDesignator=R32
Change Component Designator: OldDesignator=R34 NewDesignator=R33
Change Component Designator: OldDesignator=R35 NewDesignator=R34
Change Component Designator: OldDesignator=R36 NewDesignator=R35
Change Component Designator: OldDesignator=R37 NewDesignator=R36
Change Component Designator: OldDesignator=R38 NewDesignator=R37
Change Component Designator: OldDesignator=R39 NewDesignator=R38
Change Component Designator: OldDesignator=R40 NewDesignator=R39
Change Component Designator: OldDesignator=R41 NewDesignator=R40
Change Component Designator: OldDesignator=R42 NewDesignator=R41
Change Component Designator: OldDesignator=R43 NewDesignator=R42
Change Component Designator: OldDesignator=R44 NewDesignator=R43
Added Pin To Net: NetName=V_PWR Pin=C1-2
Added Pin To Net: NetName=VBAT Pin=P1-2
Change Net Name : Old Net Name=NetC26_1 New Net Name=NetC25_1
Change Net Name : Old Net Name=NetC30_1 New Net Name=NetC29_1
Change Net Name : Old Net Name=NetC32_1 New Net Name=NetC31_1
Change Net Name : Old Net Name=NetC32_2 New Net Name=NetC31_2
Change Net Name : Old Net Name=NetC36_3 New Net Name=NetC35_3
Change Net Name : Old Net Name=NetC36_4 New Net Name=NetC35_4
Change Net Name : Old Net Name=NetR24_1 New Net Name=NetR23_1
Change Net Name : Old Net Name=NetR33_1 New Net Name=NetR32_1
Change Net Name : Old Net Name=NetR34_1 New Net Name=NetR33_1
Change Net Name : Old Net Name=NetR37_1 New Net Name=NetR36_1
Change Net Name : Old Net Name=NetR39_1 New Net Name=NetR38_1
Change Net Name : Old Net Name=NetR41_1 New Net Name=NetR40_1
Change Net Name : Old Net Name=V_PWR New Net Name=NetC1_2
Added Pin To Net: NetName=V_PWR Pin=C1-1
Added Pin To Net: NetName=V_PWR Pin=DIO1-2
Added Pin To Net: NetName=V_PWR Pin=Q1-3
Added Pin To Net: NetName=V_PWR Pin=R7-2
Added Net: Name=V_PWR
