Change Component Footprint: Designator=L1 Old Footprint=INDC_CD43 New Footprint=INDC6060X300
Change Component Footprint: Designator=L2 Old Footprint=INDC_CD43 New Footprint=SMD_Inductor_0603
Change Component Footprint: Designator=LED2 Old Footprint=LED-0805-Green New Footprint=LED-1206-Blue
Change Component Footprint: Designator=C7 Old Footprint=PAD-SMD-1206 New Footprint=CN-SMD-0603
Change Component Footprint: Designator=C9 Old Footprint=PAD-SMD-1206 New Footprint=CN-SMD-0603
Change Component Footprint: Designator=C10 Old Footprint=PAD-SMD-1206 New Footprint=CN-SMD-0603
Change Component Footprint: Designator=C12 Old Footprint=PAD-SMD-1206 New Footprint=CN-SMD-0603
Change Component Footprint: Designator=C13 Old Footprint=PAD-SMD-1206 New Footprint=CN-SMD-0603
Change Component Footprint: Designator=C14 Old Footprint=PAD-SMD-1206 New Footprint=CN-SMD-0603
Change Component Footprint: Designator=C15 Old Footprint=PAD-SMD-1206 New Footprint=CN-SMD-0603
Change Component Footprint: Designator=C16 Old Footprint=PAD-SMD-1206 New Footprint=CN-SMD-0603
Change Component Footprint: Designator=C17 Old Footprint=PAD-SMD-1206 New Footprint=CN-SMD-0603
Change Component Footprint: Designator=C18 Old Footprint=PAD-SMD-1206 New Footprint=CN-SMD-0603
Change Component Footprint: Designator=C22 Old Footprint=PAD-SMD-1206 New Footprint=CN-SMD-0603
Change Component Footprint: Designator=C24 Old Footprint=PAD-SMD-1206 New Footprint=CN-SMD-0603
Change Component Footprint: Designator=C25 Old Footprint=PAD-SMD-1206 New Footprint=CN-SMD-0603
Change Component Footprint: Designator=C26 Old Footprint=PAD-SMD-1206 New Footprint=CN-SMD-0603
Change Component Footprint: Designator=C27 Old Footprint=PAD-SMD-1206 New Footprint=CN-SMD-0603
Change Component Footprint: Designator=C28 Old Footprint=PAD-SMD-1206 New Footprint=CN-SMD-0603
Change Component Footprint: Designator=C29 Old Footprint=PAD-SMD-1206 New Footprint=CN-SMD-0603
Change Component Footprint: Designator=C30 Old Footprint=PAD-SMD-1206 New Footprint=CN-SMD-0603
Change Component Footprint: Designator=C31 Old Footprint=PAD-SMD-1206 New Footprint=CN-SMD-0603
Change Component Footprint: Designator=C32 Old Footprint=PAD-SMD-1206 New Footprint=CN-SMD-0603
Change Component Footprint: Designator=C33 Old Footprint=PAD-SMD-1206 New Footprint=CN-SMD-0603
Change Component Footprint: Designator=C38 Old Footprint=PAD-SMD-1206 New Footprint=CN-SMD-0603
Change Component Footprint: Designator=C39 Old Footprint=PAD-SMD-1206 New Footprint=CN-SMD-0603
Change Component Footprint: Designator=C40 Old Footprint=PAD-SMD-1206 New Footprint=CN-SMD-0603
Change Component Footprint: Designator=C11 Old Footprint=PAD-SMD-1206 New Footprint=CN-SMD-0805
Change Component Footprint: Designator=C19 Old Footprint=PAD-SMD-1206 New Footprint=CN-SMD-0805
Change Component Footprint: Designator=C21 Old Footprint=PAD-SMD-1206 New Footprint=CN-SMD-0805
Change Component Footprint: Designator=C3 Old Footprint=PAD-SMD-1206 New Footprint=CN-SMD-1206
Change Component Footprint: Designator=C4 Old Footprint=PAD-SMD-1206 New Footprint=CN-SMD-1206
Change Component Footprint: Designator=C5 Old Footprint=PAD-SMD-1206 New Footprint=CN-SMD-1206
Change Component Footprint: Designator=C6 Old Footprint=PAD-SMD-1206 New Footprint=CN-SMD-1206
Change Component Footprint: Designator=C37 Old Footprint=PAD-SMD-1206 New Footprint=CN-SMD-1206
Change Component Footprint: Designator=C34 Old Footprint=PAD-SMD-1206 New Footprint=PAD-CAP-SMD-0603
Change Component Footprint: Designator=C35 Old Footprint=PAD-SMD-1206 New Footprint=PAD-CAP-SMD-0603
Change Component Footprint: Designator=R27 Old Footprint=RES-SMD-0603 New Footprint=PAD-RES-SMD-0603
Change Component Footprint: Designator=R30 Old Footprint=RES-SMD-0603 New Footprint=PAD-RES-SMD-0603
Change Component Footprint: Designator=R31 Old Footprint=RES-SMD-0603 New Footprint=PAD-RES-SMD-0603
Change Component Footprint: Designator=R37 Old Footprint=RES-SMD-0603 New Footprint=PAD-RES-SMD-0603
Change Component Footprint: Designator=R7 Old Footprint=RES-SMD-0603 New Footprint=PAD-SMD-1206
Change Component Footprint: Designator=R10 Old Footprint=RES-SMD-0603 New Footprint=PAD-SMD-1206
Change Component Comment : Designator=L1 Old Comment=2.2 uH New Comment=2.2uH
Change Component Comment : Designator=LED1 Old Comment=LED New Comment=LED GREEN
Change Component Comment : Designator=LED2 Old Comment=LED New Comment=LED GREEN
Change Component Comment : Designator=R17 Old Comment=Res New Comment=0R
Change Component Comment : Designator=R18 Old Comment=Res New Comment=0R
Change Component Comment : Designator=R19 Old Comment=Res New Comment=0R
Change Component Comment : Designator=R20 Old Comment=Res New Comment=0R
Change Component Comment : Designator=R21 Old Comment=Res New Comment=0R
Change Component Comment : Designator=R22 Old Comment=Res New Comment=0R
Change Component Comment : Designator=R23 Old Comment=Res New Comment=0R
Change Component Comment : Designator=R25 Old Comment=Res New Comment=0R
Change Component Comment : Designator=R26 Old Comment=Res New Comment=0R
Change Component Comment : Designator=R29 Old Comment=Res New Comment=0R
Change Component Comment : Designator=R42 Old Comment=Res New Comment=0R
Change Component Comment : Designator=R8 Old Comment=Res New Comment=1.5K
Change Component Comment : Designator=R43 Old Comment=Res New Comment=1K
Change Component Comment : Designator=R44 Old Comment=Res New Comment=1K
Change Component Comment : Designator=R9 Old Comment=Res New Comment=2K
Change Component Comment : Designator=R36 Old Comment=Res New Comment=4.7K
Change Component Comment : Designator=R38 Old Comment=Res New Comment=4.7K
Change Component Comment : Designator=R1 Old Comment=Res New Comment=5.1K
Change Component Comment : Designator=R2 Old Comment=Res New Comment=5.1K
Change Component Comment : Designator=R12 Old Comment=Res New Comment=5.1K
Change Component Comment : Designator=R4 Old Comment=Res New Comment=10K
Change Component Comment : Designator=R24 Old Comment=Res New Comment=10K
Change Component Comment : Designator=R28 Old Comment=Res New Comment=10K
Change Component Comment : Designator=R32 Old Comment=Res New Comment=10K
Change Component Comment : Designator=R33 Old Comment=Res New Comment=10K
Change Component Comment : Designator=R34 Old Comment=Res New Comment=10K
Change Component Comment : Designator=R35 Old Comment=Res New Comment=10K
Change Component Comment : Designator=R39 Old Comment=Res New Comment=10K
Change Component Comment : Designator=R41 Old Comment=Res New Comment=10K
Change Component Comment : Designator=R40 Old Comment=Res New Comment=10R
Change Component Comment : Designator=R3 Old Comment=Res New Comment=22R
Change Component Comment : Designator=R5 Old Comment=Res New Comment=22R
Change Component Comment : Designator=R6 Old Comment=Res New Comment=22R
Change Component Comment : Designator=R14 Old Comment=Res New Comment=66K
Change Component Comment : Designator=R13 Old Comment=Res New Comment=80K
Change Component Comment : Designator=R11 Old Comment=Res New Comment=100R
Change Component Comment : Designator=R15 Old Comment=Res New Comment=200K
Change Component Comment : Designator=R16 Old Comment=Res New Comment=200K
Change Component Comment : Designator=R7 Old Comment=Res New Comment=Pad
Change Component Comment : Designator=R10 Old Comment=Res New Comment=Pad
Change Component Comment : Designator=R27 Old Comment=Res New Comment=PAD
Change Component Comment : Designator=R30 Old Comment=Res New Comment=PAD
Change Component Comment : Designator=R31 Old Comment=Res New Comment=PAD
Change Component Comment : Designator=R37 Old Comment=Res New Comment=PAD
Change Component Comment : Designator=X1 Old Comment=XTAL_2520 New Comment=XTAL_3225_25MHZ
Change Component Designator: OldDesignator=U5 NewDesignator=U?
Change Component Designator: OldDesignator=U6 NewDesignator=U?
