Replace Part BT1 MS621FE-FL11E in E:\HCMUT\HK251\Project\PCB\DATN\DATN_Project\GPS_LORA_IMU.SchDoc with MS621FE-FL11E from DATN_LIB.SchLib
Replace Part C24 Cap-SMD in E:\HCMUT\HK251\Project\PCB\DATN\DATN_Project\GPS_LORA_IMU.SchDoc with Cap-SMD from DATN_LIB.SchLib
Replace Part C25 Cap-SMD in E:\HCMUT\HK251\Project\PCB\DATN\DATN_Project\GPS_LORA_IMU.SchDoc with Cap-SMD from DATN_LIB.SchLib
Replace Part C26 Cap-SMD in E:\HCMUT\HK251\Project\PCB\DATN\DATN_Project\GPS_LORA_IMU.SchDoc with Cap-SMD from DATN_LIB.SchLib
Replace Part C27 Cap-SMD in E:\HCMUT\HK251\Project\PCB\DATN\DATN_Project\GPS_LORA_IMU.SchDoc with Cap-SMD from DATN_LIB.SchLib
Replace Part C28 Cap-SMD in E:\HCMUT\HK251\Project\PCB\DATN\DATN_Project\GPS_LORA_IMU.SchDoc with Cap-SMD from DATN_LIB.SchLib
Replace Part C29 Cap-SMD in E:\HCMUT\HK251\Project\PCB\DATN\DATN_Project\GPS_LORA_IMU.SchDoc with Cap-SMD from DATN_LIB.SchLib
Replace Part C30 Cap-SMD in E:\HCMUT\HK251\Project\PCB\DATN\DATN_Project\GPS_LORA_IMU.SchDoc with Cap-SMD from DATN_LIB.SchLib
Replace Part C31 Cap-SMD in E:\HCMUT\HK251\Project\PCB\DATN\DATN_Project\GPS_LORA_IMU.SchDoc with Cap-SMD from DATN_LIB.SchLib
Replace Part C32 Cap-SMD in E:\HCMUT\HK251\Project\PCB\DATN\DATN_Project\GPS_LORA_IMU.SchDoc with Cap-SMD from DATN_LIB.SchLib
Replace Part C33 Cap-SMD in E:\HCMUT\HK251\Project\PCB\DATN\DATN_Project\GPS_LORA_IMU.SchDoc with Cap-SMD from DATN_LIB.SchLib
Replace Part C34 Cap-SMD in E:\HCMUT\HK251\Project\PCB\DATN\DATN_Project\GPS_LORA_IMU.SchDoc with Cap-SMD from DATN_LIB.SchLib
Replace Part C35 Cap-SMD in E:\HCMUT\HK251\Project\PCB\DATN\DATN_Project\GPS_LORA_IMU.SchDoc with Cap-SMD from DATN_LIB.SchLib
Replace Part C36 JP2x2 in E:\HCMUT\HK251\Project\PCB\DATN\DATN_Project\GPS_LORA_IMU.SchDoc with JP2x2 from DATN_LIB.SchLib
Replace Part C37 Cap-SMD in E:\HCMUT\HK251\Project\PCB\DATN\DATN_Project\GPS_LORA_IMU.SchDoc with Cap-SMD from DATN_LIB.SchLib
Replace Part C38 Cap-SMD in E:\HCMUT\HK251\Project\PCB\DATN\DATN_Project\GPS_LORA_IMU.SchDoc with Cap-SMD from DATN_LIB.SchLib
Replace Part C39 Cap-SMD in E:\HCMUT\HK251\Project\PCB\DATN\DATN_Project\GPS_LORA_IMU.SchDoc with Cap-SMD from DATN_LIB.SchLib
Replace Part C40 Cap-SMD in E:\HCMUT\HK251\Project\PCB\DATN\DATN_Project\GPS_LORA_IMU.SchDoc with Cap-SMD from DATN_LIB.SchLib
Replace Part D1 1N4148W-7 in E:\HCMUT\HK251\Project\PCB\DATN\DATN_Project\GPS_LORA_IMU.SchDoc with 1N4148W-7 from DATN_LIB.SchLib
Replace Part J2 IPEX in E:\HCMUT\HK251\Project\PCB\DATN\DATN_Project\GPS_LORA_IMU.SchDoc with IPEX from DATN_LIB.SchLib
Replace Part L2 SMD-Wire-Inductor in E:\HCMUT\HK251\Project\PCB\DATN\DATN_Project\GPS_LORA_IMU.SchDoc with SMD-Wire-Inductor from DATN_LIB.SchLib
Replace Part LED3 LED SMD in E:\HCMUT\HK251\Project\PCB\DATN\DATN_Project\GPS_LORA_IMU.SchDoc with LED SMD from DATN_LIB.SchLib
Replace Part Q2 N_MOSFET in E:\HCMUT\HK251\Project\PCB\DATN\DATN_Project\GPS_LORA_IMU.SchDoc with N_MOSFET from DATN_LIB.SchLib
Replace Part R33 Res-SMD in E:\HCMUT\HK251\Project\PCB\DATN\DATN_Project\GPS_LORA_IMU.SchDoc with Res-SMD from DATN_LIB.SchLib
Replace Part R34 Res-SMD in E:\HCMUT\HK251\Project\PCB\DATN\DATN_Project\GPS_LORA_IMU.SchDoc with Res-SMD from DATN_LIB.SchLib
Replace Part R35 Res-SMD in E:\HCMUT\HK251\Project\PCB\DATN\DATN_Project\GPS_LORA_IMU.SchDoc with Res-SMD from DATN_LIB.SchLib
Replace Part R36 Res-SMD in E:\HCMUT\HK251\Project\PCB\DATN\DATN_Project\GPS_LORA_IMU.SchDoc with Res-SMD from DATN_LIB.SchLib
Replace Part R37 Res-SMD in E:\HCMUT\HK251\Project\PCB\DATN\DATN_Project\GPS_LORA_IMU.SchDoc with Res-SMD from DATN_LIB.SchLib
Replace Part R38 Res-SMD in E:\HCMUT\HK251\Project\PCB\DATN\DATN_Project\GPS_LORA_IMU.SchDoc with Res-SMD from DATN_LIB.SchLib
Replace Part R39 Res-SMD in E:\HCMUT\HK251\Project\PCB\DATN\DATN_Project\GPS_LORA_IMU.SchDoc with Res-SMD from DATN_LIB.SchLib
Replace Part R40 Res-SMD in E:\HCMUT\HK251\Project\PCB\DATN\DATN_Project\GPS_LORA_IMU.SchDoc with Res-SMD from DATN_LIB.SchLib
Replace Part R41 Res-SMD in E:\HCMUT\HK251\Project\PCB\DATN\DATN_Project\GPS_LORA_IMU.SchDoc with Res-SMD from DATN_LIB.SchLib
Replace Part R42 Res-SMD in E:\HCMUT\HK251\Project\PCB\DATN\DATN_Project\GPS_LORA_IMU.SchDoc with Res-SMD from DATN_LIB.SchLib
Replace Part R43 Res-SMD in E:\HCMUT\HK251\Project\PCB\DATN\DATN_Project\GPS_LORA_IMU.SchDoc with Res-SMD from DATN_LIB.SchLib
Replace Part R44 Res-SMD in E:\HCMUT\HK251\Project\PCB\DATN\DATN_Project\GPS_LORA_IMU.SchDoc with Res-SMD from DATN_LIB.SchLib
Replace Part U3 MPU-9250 in E:\HCMUT\HK251\Project\PCB\DATN\DATN_Project\GPS_LORA_IMU.SchDoc with MPU-9250 from DATN_LIB.SchLib
Replace Part U4 LC76G in E:\HCMUT\HK251\Project\PCB\DATN\DATN_Project\GPS_LORA_IMU.SchDoc with LC76G from DATN_LIB.SchLib
Replace Part U5 BMP280 in E:\HCMUT\HK251\Project\PCB\DATN\DATN_Project\GPS_LORA_IMU.SchDoc with BMP280 from DATN_LIB.SchLib
Replace Part U6 RA-02_LORA in E:\HCMUT\HK251\Project\PCB\DATN\DATN_Project\GPS_LORA_IMU.SchDoc with RA-02_LORA from DATN_LIB.SchLib
