Replace Part C11 Cap-SMD in E:\HCMUT\HK251\Project\PCB\DATN\DATN_Project\MCU.SchDoc with Cap-SMD from DATN_LIB.SchLib
Replace Part C12 Cap-SMD in E:\HCMUT\HK251\Project\PCB\DATN\DATN_Project\MCU.SchDoc with Cap-SMD from DATN_LIB.SchLib
Replace Part C13 Cap-SMD in E:\HCMUT\HK251\Project\PCB\DATN\DATN_Project\MCU.SchDoc with Cap-SMD from DATN_LIB.SchLib
Replace Part C14 Cap-SMD in E:\HCMUT\HK251\Project\PCB\DATN\DATN_Project\MCU.SchDoc with Cap-SMD from DATN_LIB.SchLib
Replace Part C15 Cap-SMD in E:\HCMUT\HK251\Project\PCB\DATN\DATN_Project\MCU.SchDoc with Cap-SMD from DATN_LIB.SchLib
Replace Part C16 Cap-SMD in E:\HCMUT\HK251\Project\PCB\DATN\DATN_Project\MCU.SchDoc with Cap-SMD from DATN_LIB.SchLib
Replace Part C17 Cap-SMD in E:\HCMUT\HK251\Project\PCB\DATN\DATN_Project\MCU.SchDoc with Cap-SMD from DATN_LIB.SchLib
Replace Part C18 Cap-SMD in E:\HCMUT\HK251\Project\PCB\DATN\DATN_Project\MCU.SchDoc with Cap-SMD from DATN_LIB.SchLib
Replace Part C19 Cap-SMD in E:\HCMUT\HK251\Project\PCB\DATN\DATN_Project\MCU.SchDoc with Cap-SMD from DATN_LIB.SchLib
Replace Part C20 JP22x2 in E:\HCMUT\HK251\Project\PCB\DATN\DATN_Project\MCU.SchDoc with JP22x2 from LIBRARY.IntLib
Replace Part C21 Cap-SMD in E:\HCMUT\HK251\Project\PCB\DATN\DATN_Project\MCU.SchDoc with Cap-SMD from DATN_LIB.SchLib
Replace Part C22 Cap-SMD in E:\HCMUT\HK251\Project\PCB\DATN\DATN_Project\MCU.SchDoc with Cap-SMD from DATN_LIB.SchLib
Replace Part R17 Res-SMD in E:\HCMUT\HK251\Project\PCB\DATN\DATN_Project\MCU.SchDoc with Res-SMD from DATN_LIB.SchLib
Replace Part R18 Res-SMD in E:\HCMUT\HK251\Project\PCB\DATN\DATN_Project\MCU.SchDoc with Res-SMD from DATN_LIB.SchLib
Replace Part R19 Res-SMD in E:\HCMUT\HK251\Project\PCB\DATN\DATN_Project\MCU.SchDoc with Res-SMD from DATN_LIB.SchLib
Replace Part R20 Res-SMD in E:\HCMUT\HK251\Project\PCB\DATN\DATN_Project\MCU.SchDoc with Res-SMD from DATN_LIB.SchLib
Replace Part R21 Res-SMD in E:\HCMUT\HK251\Project\PCB\DATN\DATN_Project\MCU.SchDoc with Res-SMD from DATN_LIB.SchLib
Replace Part R22 Res-SMD in E:\HCMUT\HK251\Project\PCB\DATN\DATN_Project\MCU.SchDoc with Res-SMD from DATN_LIB.SchLib
Replace Part R23 Res-SMD in E:\HCMUT\HK251\Project\PCB\DATN\DATN_Project\MCU.SchDoc with Res-SMD from DATN_LIB.SchLib
Replace Part R24 Res-SMD in E:\HCMUT\HK251\Project\PCB\DATN\DATN_Project\MCU.SchDoc with Res-SMD from DATN_LIB.SchLib
Replace Part R25 Res-SMD in E:\HCMUT\HK251\Project\PCB\DATN\DATN_Project\MCU.SchDoc with Res-SMD from DATN_LIB.SchLib
Replace Part R26 Res-SMD in E:\HCMUT\HK251\Project\PCB\DATN\DATN_Project\MCU.SchDoc with Res-SMD from DATN_LIB.SchLib
Replace Part R27 Res-SMD in E:\HCMUT\HK251\Project\PCB\DATN\DATN_Project\MCU.SchDoc with Res-SMD from DATN_LIB.SchLib
Replace Part R28 Res-SMD in E:\HCMUT\HK251\Project\PCB\DATN\DATN_Project\MCU.SchDoc with Res-SMD from DATN_LIB.SchLib
Replace Part R29 Res-SMD in E:\HCMUT\HK251\Project\PCB\DATN\DATN_Project\MCU.SchDoc with Res-SMD from DATN_LIB.SchLib
Replace Part R30 Res-SMD in E:\HCMUT\HK251\Project\PCB\DATN\DATN_Project\MCU.SchDoc with Res-SMD from DATN_LIB.SchLib
Replace Part R31 Res-SMD in E:\HCMUT\HK251\Project\PCB\DATN\DATN_Project\MCU.SchDoc with Res-SMD from DATN_LIB.SchLib
Replace Part R32 Res-SMD in E:\HCMUT\HK251\Project\PCB\DATN\DATN_Project\MCU.SchDoc with Res-SMD from DATN_LIB.SchLib
Replace Part SW1 SW4 in E:\HCMUT\HK251\Project\PCB\DATN\DATN_Project\MCU.SchDoc with SW4 from LIBRARY.IntLib
Update Managed Component U2 From CMP-0243-00165-1[STM32F411CEU6] To CMP-0243-00165-1[STM32F411CEU6] in MCU.SchDoc
Replace Part X1 XTAL 4 Pin in E:\HCMUT\HK251\Project\PCB\DATN\DATN_Project\MCU.SchDoc with XTAL 4 Pin from DATN_LIB.SchLib
