Replace Part C1 JP2 in E:\HCMUT\HK251\Project\PCB\DATN\DATN_Project\PWR.SchDoc with JP2 from DATN_LIB.SchLib
Replace Part C2 Cap-SMD in E:\HCMUT\HK251\Project\PCB\DATN\DATN_Project\PWR.SchDoc with Cap-SMD from DATN_LIB.SchLib
Replace Part C3 Cap-SMD in E:\HCMUT\HK251\Project\PCB\DATN\DATN_Project\PWR.SchDoc with Cap-SMD from DATN_LIB.SchLib
Replace Part C4 Cap-SMD in E:\HCMUT\HK251\Project\PCB\DATN\DATN_Project\PWR.SchDoc with Cap-SMD from DATN_LIB.SchLib
Replace Part C5 Cap-SMD in E:\HCMUT\HK251\Project\PCB\DATN\DATN_Project\PWR.SchDoc with Cap-SMD from DATN_LIB.SchLib
Replace Part C6 Cap-SMD in E:\HCMUT\HK251\Project\PCB\DATN\DATN_Project\PWR.SchDoc with Cap-SMD from DATN_LIB.SchLib
Replace Part C7 Cap-SMD in E:\HCMUT\HK251\Project\PCB\DATN\DATN_Project\PWR.SchDoc with Cap-SMD from DATN_LIB.SchLib
Replace Part C8 JP5x2 in E:\HCMUT\HK251\Project\PCB\DATN\DATN_Project\PWR.SchDoc with JP5x2 from DATN_LIB.SchLib
Replace Part C9 Cap-SMD in E:\HCMUT\HK251\Project\PCB\DATN\DATN_Project\PWR.SchDoc with Cap-SMD from DATN_LIB.SchLib
Replace Part C10 Cap-SMD in E:\HCMUT\HK251\Project\PCB\DATN\DATN_Project\PWR.SchDoc with Cap-SMD from DATN_LIB.SchLib
Replace Part DIO1 Diode SMD in E:\HCMUT\HK251\Project\PCB\DATN\DATN_Project\PWR.SchDoc with Diode SMD from DATN_LIB.SchLib
Replace Part J1 CQ-USB-C16PSMT01 in E:\HCMUT\HK251\Project\PCB\DATN\DATN_Project\PWR.SchDoc with CQ-USB-C16PSMT01 from DATN_LIB.SchLib
Replace Part L1 SMD-Wire-Inductor in E:\HCMUT\HK251\Project\PCB\DATN\DATN_Project\PWR.SchDoc with SMD-Wire-Inductor from DATN_LIB.SchLib
Replace Part LED1 LED SMD in E:\HCMUT\HK251\Project\PCB\DATN\DATN_Project\PWR.SchDoc with LED SMD from DATN_LIB.SchLib
Replace Part LED2 LED SMD in E:\HCMUT\HK251\Project\PCB\DATN\DATN_Project\PWR.SchDoc with LED SMD from DATN_LIB.SchLib
Replace Part P1 S2B-PH-SM4-TB in E:\HCMUT\HK251\Project\PCB\DATN\DATN_Project\PWR.SchDoc with S2B-PH-SM4-TB from DATN_LIB.SchLib
Replace Part Q1 P_MOSFET in E:\HCMUT\HK251\Project\PCB\DATN\DATN_Project\PWR.SchDoc with P_MOSFET from DATN_LIB.SchLib
Replace Part R1 Res-SMD in E:\HCMUT\HK251\Project\PCB\DATN\DATN_Project\PWR.SchDoc with Res-SMD from DATN_LIB.SchLib
Replace Part R2 Res-SMD in E:\HCMUT\HK251\Project\PCB\DATN\DATN_Project\PWR.SchDoc with Res-SMD from DATN_LIB.SchLib
Replace Part R3 Res-SMD in E:\HCMUT\HK251\Project\PCB\DATN\DATN_Project\PWR.SchDoc with Res-SMD from DATN_LIB.SchLib
Replace Part R4 Res-SMD in E:\HCMUT\HK251\Project\PCB\DATN\DATN_Project\PWR.SchDoc with Res-SMD from DATN_LIB.SchLib
Replace Part R5 Res-SMD in E:\HCMUT\HK251\Project\PCB\DATN\DATN_Project\PWR.SchDoc with Res-SMD from DATN_LIB.SchLib
Replace Part R6 Res-SMD in E:\HCMUT\HK251\Project\PCB\DATN\DATN_Project\PWR.SchDoc with Res-SMD from DATN_LIB.SchLib
Replace Part R7 Res-SMD in E:\HCMUT\HK251\Project\PCB\DATN\DATN_Project\PWR.SchDoc with Res-SMD from DATN_LIB.SchLib
Replace Part R8 Res-SMD in E:\HCMUT\HK251\Project\PCB\DATN\DATN_Project\PWR.SchDoc with Res-SMD from DATN_LIB.SchLib
Replace Part R9 Res-SMD in E:\HCMUT\HK251\Project\PCB\DATN\DATN_Project\PWR.SchDoc with Res-SMD from DATN_LIB.SchLib
Replace Part R10 Res-SMD in E:\HCMUT\HK251\Project\PCB\DATN\DATN_Project\PWR.SchDoc with Res-SMD from DATN_LIB.SchLib
Replace Part R11 Res-SMD in E:\HCMUT\HK251\Project\PCB\DATN\DATN_Project\PWR.SchDoc with Res-SMD from DATN_LIB.SchLib
Replace Part R12 Res-SMD in E:\HCMUT\HK251\Project\PCB\DATN\DATN_Project\PWR.SchDoc with Res-SMD from DATN_LIB.SchLib
Replace Part R13 Res-SMD in E:\HCMUT\HK251\Project\PCB\DATN\DATN_Project\PWR.SchDoc with Res-SMD from DATN_LIB.SchLib
Replace Part R14 Res-SMD in E:\HCMUT\HK251\Project\PCB\DATN\DATN_Project\PWR.SchDoc with Res-SMD from DATN_LIB.SchLib
Replace Part R15 Res-SMD in E:\HCMUT\HK251\Project\PCB\DATN\DATN_Project\PWR.SchDoc with Res-SMD from DATN_LIB.SchLib
Replace Part R16 Res-SMD in E:\HCMUT\HK251\Project\PCB\DATN\DATN_Project\PWR.SchDoc with Res-SMD from DATN_LIB.SchLib
Replace Part U1 TPS63001DRCR in E:\HCMUT\HK251\Project\PCB\DATN\DATN_Project\PWR.SchDoc with TPS63001DRCR from DATN_LIB.SchLib
